{"user_id":"alice-23","user_name":"Alice"}
{"user_id":"bob-22","user_name":"Bob"}
{"user_id":"tom-24","user_name":"Tom"}
